
Merging program properties

Removed property 0xc0000002 to merge kernel/start.o (0x3) and kernel/kernel.o (not found)
Removed property 0xc0000002 to merge kernel/start.o (not found) and kernel/main.o (0x3)
Removed property 0xc0000002 to merge kernel/start.o (not found) and kernel/clock.o (0x3)
Removed property 0xc0000002 to merge kernel/start.o (not found) and kernel/keyboard.o (0x3)
Removed property 0xc0000002 to merge kernel/start.o (not found) and kernel/tty.o (0x3)
Removed property 0xc0000002 to merge kernel/start.o (not found) and kernel/console.o (0x3)
Removed property 0xc0000002 to merge kernel/start.o (not found) and kernel/i8259.o (0x3)
Removed property 0xc0000002 to merge kernel/start.o (not found) and kernel/global.o (0x3)
Removed property 0xc0000002 to merge kernel/start.o (not found) and kernel/protect.o (0x3)
Removed property 0xc0000002 to merge kernel/start.o (not found) and kernel/proc.o (0x3)
Removed property 0xc0000002 to merge kernel/start.o (not found) and kernel/systask.o (0x3)
Removed property 0xc0000002 to merge kernel/start.o (not found) and kernel/hd.o (0x3)
Removed property 0xc0000002 to merge kernel/start.o (not found) and lib/printf.o (0x3)
Removed property 0xc0000002 to merge kernel/start.o (not found) and lib/vsprintf.o (0x3)
Removed property 0xc0000002 to merge kernel/start.o (not found) and lib/klib.o (0x3)
Removed property 0xc0000002 to merge kernel/start.o (not found) and lib/misc.o (0x3)
Removed property 0xc0000002 to merge kernel/start.o (not found) and lib/open.o (0x3)
Removed property 0xc0000002 to merge kernel/start.o (not found) and lib/read.o (0x3)
Removed property 0xc0000002 to merge kernel/start.o (not found) and lib/write.o (0x3)
Removed property 0xc0000002 to merge kernel/start.o (not found) and lib/close.o (0x3)
Removed property 0xc0000002 to merge kernel/start.o (not found) and lib/unlink.o (0x3)
Removed property 0xc0000002 to merge kernel/start.o (not found) and lib/ls.o (0x3)
Removed property 0xc0000002 to merge kernel/start.o (not found) and lib/mkdir.o (0x3)
Removed property 0xc0000002 to merge kernel/start.o (not found) and lib/getpid.o (0x3)
Removed property 0xc0000002 to merge kernel/start.o (not found) and lib/syslog.o (0x3)
Removed property 0xc0000002 to merge kernel/start.o (not found) and fs/main.o (0x3)
Removed property 0xc0000002 to merge kernel/start.o (not found) and fs/open.o (0x3)
Removed property 0xc0000002 to merge kernel/start.o (not found) and fs/misc.o (0x3)
Removed property 0xc0000002 to merge kernel/start.o (not found) and fs/read_write.o (0x3)
Removed property 0xc0000002 to merge kernel/start.o (not found) and fs/link.o (0x3)
Removed property 0xc0000002 to merge kernel/start.o (not found) and fs/disklog.o (0x3)

Allocating common symbols
Common symbol       size              file

idt_ptr             0x6               kernel/global.o
inode_table         0xb00             kernel/global.o
task_stack          0x38000           kernel/global.o
k_reenter           0x4               kernel/global.o
gdt                 0x400             kernel/global.o
current_console     0x4               kernel/global.o
pcaller             0x4               kernel/global.o
tty_table           0xc6c             kernel/global.o
tss                 0x68              kernel/global.o
fs_msg              0x30              kernel/global.o
f_desc_table        0x300             kernel/global.o
root_inode          0x4               kernel/global.o
disp_pos            0x4               kernel/global.o
key_pressed         0x4               kernel/global.o
gdt_ptr             0x6               kernel/global.o
idt                 0x800             kernel/global.o
super_block         0x1e0             kernel/global.o
PARTITION_ENTRY     0x10              kernel/hd.o
ticks               0x4               kernel/global.o
console_table       0x3c              kernel/global.o
irq_table           0x40              kernel/global.o
p_proc_ready        0x4               kernel/global.o
proc_table          0xb0c             kernel/global.o

Discarded input sections

 .group         0x0000000000000000        0x8 kernel/start.o
 .note.GNU-stack
                0x0000000000000000        0x0 kernel/start.o
 .note.gnu.property
                0x0000000000000000       0x1c kernel/start.o
 .group         0x0000000000000000        0x8 kernel/main.o
 .group         0x0000000000000000        0x8 kernel/main.o
 .group         0x0000000000000000        0x8 kernel/main.o
 .text.__x86.get_pc_thunk.bx
                0x0000000000000000        0x4 kernel/main.o
 .note.GNU-stack
                0x0000000000000000        0x0 kernel/main.o
 .note.gnu.property
                0x0000000000000000       0x1c kernel/main.o
 .group         0x0000000000000000        0x8 kernel/clock.o
 .text.__x86.get_pc_thunk.bx
                0x0000000000000000        0x4 kernel/clock.o
 .note.GNU-stack
                0x0000000000000000        0x0 kernel/clock.o
 .note.gnu.property
                0x0000000000000000       0x1c kernel/clock.o
 .group         0x0000000000000000        0x8 kernel/keyboard.o
 .text.__x86.get_pc_thunk.bx
                0x0000000000000000        0x4 kernel/keyboard.o
 .note.GNU-stack
                0x0000000000000000        0x0 kernel/keyboard.o
 .note.gnu.property
                0x0000000000000000       0x1c kernel/keyboard.o
 .group         0x0000000000000000        0x8 kernel/tty.o
 .group         0x0000000000000000        0x8 kernel/tty.o
 .text.__x86.get_pc_thunk.ax
                0x0000000000000000        0x4 kernel/tty.o
 .text.__x86.get_pc_thunk.bx
                0x0000000000000000        0x4 kernel/tty.o
 .note.GNU-stack
                0x0000000000000000        0x0 kernel/tty.o
 .note.gnu.property
                0x0000000000000000       0x1c kernel/tty.o
 .group         0x0000000000000000        0x8 kernel/console.o
 .group         0x0000000000000000        0x8 kernel/console.o
 .group         0x0000000000000000        0x8 kernel/console.o
 .group         0x0000000000000000        0x8 kernel/console.o
 .text.__x86.get_pc_thunk.ax
                0x0000000000000000        0x4 kernel/console.o
 .text.__x86.get_pc_thunk.dx
                0x0000000000000000        0x4 kernel/console.o
 .text.__x86.get_pc_thunk.bx
                0x0000000000000000        0x4 kernel/console.o
 .note.GNU-stack
                0x0000000000000000        0x0 kernel/console.o
 .note.gnu.property
                0x0000000000000000       0x1c kernel/console.o
 .group         0x0000000000000000        0x8 kernel/i8259.o
 .text.__x86.get_pc_thunk.bx
                0x0000000000000000        0x4 kernel/i8259.o
 .note.GNU-stack
                0x0000000000000000        0x0 kernel/i8259.o
 .note.gnu.property
                0x0000000000000000       0x1c kernel/i8259.o
 .note.GNU-stack
                0x0000000000000000        0x0 kernel/global.o
 .note.gnu.property
                0x0000000000000000       0x1c kernel/global.o
 .group         0x0000000000000000        0x8 kernel/protect.o
 .group         0x0000000000000000        0x8 kernel/protect.o
 .text.__x86.get_pc_thunk.ax
                0x0000000000000000        0x4 kernel/protect.o
 .text.__x86.get_pc_thunk.bx
                0x0000000000000000        0x4 kernel/protect.o
 .note.GNU-stack
                0x0000000000000000        0x0 kernel/protect.o
 .note.gnu.property
                0x0000000000000000       0x1c kernel/protect.o
 .group         0x0000000000000000        0x8 kernel/proc.o
 .group         0x0000000000000000        0x8 kernel/proc.o
 .group         0x0000000000000000        0x8 kernel/proc.o
 .text.__x86.get_pc_thunk.ax
                0x0000000000000000        0x4 kernel/proc.o
 .text.__x86.get_pc_thunk.dx
                0x0000000000000000        0x4 kernel/proc.o
 .text.__x86.get_pc_thunk.bx
                0x0000000000000000        0x4 kernel/proc.o
 .note.GNU-stack
                0x0000000000000000        0x0 kernel/proc.o
 .note.gnu.property
                0x0000000000000000       0x1c kernel/proc.o
 .group         0x0000000000000000        0x8 kernel/systask.o
 .text.__x86.get_pc_thunk.bx
                0x0000000000000000        0x4 kernel/systask.o
 .note.GNU-stack
                0x0000000000000000        0x0 kernel/systask.o
 .note.gnu.property
                0x0000000000000000       0x1c kernel/systask.o
 .group         0x0000000000000000        0x8 kernel/hd.o
 .group         0x0000000000000000        0x8 kernel/hd.o
 .text.__x86.get_pc_thunk.ax
                0x0000000000000000        0x4 kernel/hd.o
 .text.__x86.get_pc_thunk.bx
                0x0000000000000000        0x4 kernel/hd.o
 .note.GNU-stack
                0x0000000000000000        0x0 kernel/hd.o
 .note.gnu.property
                0x0000000000000000       0x1c kernel/hd.o
 .group         0x0000000000000000        0x8 lib/printf.o
 .text.__x86.get_pc_thunk.bx
                0x0000000000000000        0x4 lib/printf.o
 .note.GNU-stack
                0x0000000000000000        0x0 lib/printf.o
 .note.gnu.property
                0x0000000000000000       0x1c lib/printf.o
 .group         0x0000000000000000        0x8 lib/vsprintf.o
 .group         0x0000000000000000        0x8 lib/vsprintf.o
 .text.__x86.get_pc_thunk.ax
                0x0000000000000000        0x4 lib/vsprintf.o
 .text.__x86.get_pc_thunk.bx
                0x0000000000000000        0x4 lib/vsprintf.o
 .note.GNU-stack
                0x0000000000000000        0x0 lib/vsprintf.o
 .note.gnu.property
                0x0000000000000000       0x1c lib/vsprintf.o
 .group         0x0000000000000000        0x8 lib/klib.o
 .group         0x0000000000000000        0x8 lib/klib.o
 .text.__x86.get_pc_thunk.ax
                0x0000000000000000        0x4 lib/klib.o
 .text.__x86.get_pc_thunk.bx
                0x0000000000000000        0x4 lib/klib.o
 .note.GNU-stack
                0x0000000000000000        0x0 lib/klib.o
 .note.gnu.property
                0x0000000000000000       0x1c lib/klib.o
 .group         0x0000000000000000        0x8 lib/misc.o
 .group         0x0000000000000000        0x8 lib/misc.o
 .text.__x86.get_pc_thunk.ax
                0x0000000000000000        0x4 lib/misc.o
 .text.__x86.get_pc_thunk.bx
                0x0000000000000000        0x4 lib/misc.o
 .note.GNU-stack
                0x0000000000000000        0x0 lib/misc.o
 .note.gnu.property
                0x0000000000000000       0x1c lib/misc.o
 .group         0x0000000000000000        0x8 lib/open.o
 .text.__x86.get_pc_thunk.bx
                0x0000000000000000        0x4 lib/open.o
 .note.GNU-stack
                0x0000000000000000        0x0 lib/open.o
 .note.gnu.property
                0x0000000000000000       0x1c lib/open.o
 .group         0x0000000000000000        0x8 lib/read.o
 .text.__x86.get_pc_thunk.ax
                0x0000000000000000        0x4 lib/read.o
 .note.GNU-stack
                0x0000000000000000        0x0 lib/read.o
 .note.gnu.property
                0x0000000000000000       0x1c lib/read.o
 .group         0x0000000000000000        0x8 lib/write.o
 .text.__x86.get_pc_thunk.ax
                0x0000000000000000        0x4 lib/write.o
 .note.GNU-stack
                0x0000000000000000        0x0 lib/write.o
 .note.gnu.property
                0x0000000000000000       0x1c lib/write.o
 .group         0x0000000000000000        0x8 lib/close.o
 .text.__x86.get_pc_thunk.ax
                0x0000000000000000        0x4 lib/close.o
 .note.GNU-stack
                0x0000000000000000        0x0 lib/close.o
 .note.gnu.property
                0x0000000000000000       0x1c lib/close.o
 .group         0x0000000000000000        0x8 lib/unlink.o
 .text.__x86.get_pc_thunk.bx
                0x0000000000000000        0x4 lib/unlink.o
 .note.GNU-stack
                0x0000000000000000        0x0 lib/unlink.o
 .note.gnu.property
                0x0000000000000000       0x1c lib/unlink.o
 .group         0x0000000000000000        0x8 lib/ls.o
 .text.__x86.get_pc_thunk.bx
                0x0000000000000000        0x4 lib/ls.o
 .note.GNU-stack
                0x0000000000000000        0x0 lib/ls.o
 .note.gnu.property
                0x0000000000000000       0x1c lib/ls.o
 .group         0x0000000000000000        0x8 lib/mkdir.o
 .text.__x86.get_pc_thunk.bx
                0x0000000000000000        0x4 lib/mkdir.o
 .note.GNU-stack
                0x0000000000000000        0x0 lib/mkdir.o
 .note.gnu.property
                0x0000000000000000       0x1c lib/mkdir.o
 .group         0x0000000000000000        0x8 lib/getpid.o
 .text.__x86.get_pc_thunk.bx
                0x0000000000000000        0x4 lib/getpid.o
 .note.GNU-stack
                0x0000000000000000        0x0 lib/getpid.o
 .note.gnu.property
                0x0000000000000000       0x1c lib/getpid.o
 .group         0x0000000000000000        0x8 lib/syslog.o
 .text.__x86.get_pc_thunk.bx
                0x0000000000000000        0x4 lib/syslog.o
 .note.GNU-stack
                0x0000000000000000        0x0 lib/syslog.o
 .note.gnu.property
                0x0000000000000000       0x1c lib/syslog.o
 .group         0x0000000000000000        0x8 fs/main.o
 .group         0x0000000000000000        0x8 fs/main.o
 .text.__x86.get_pc_thunk.ax
                0x0000000000000000        0x4 fs/main.o
 .text.__x86.get_pc_thunk.bx
                0x0000000000000000        0x4 fs/main.o
 .note.GNU-stack
                0x0000000000000000        0x0 fs/main.o
 .note.gnu.property
                0x0000000000000000       0x1c fs/main.o
 .group         0x0000000000000000        0x8 fs/open.o
 .group         0x0000000000000000        0x8 fs/open.o
 .text.__x86.get_pc_thunk.ax
                0x0000000000000000        0x4 fs/open.o
 .text.__x86.get_pc_thunk.bx
                0x0000000000000000        0x4 fs/open.o
 .note.GNU-stack
                0x0000000000000000        0x0 fs/open.o
 .note.gnu.property
                0x0000000000000000       0x1c fs/open.o
 .group         0x0000000000000000        0x8 fs/misc.o
 .group         0x0000000000000000        0x8 fs/misc.o
 .text.__x86.get_pc_thunk.cx
                0x0000000000000000        0x4 fs/misc.o
 .text.__x86.get_pc_thunk.bx
                0x0000000000000000        0x4 fs/misc.o
 .note.GNU-stack
                0x0000000000000000        0x0 fs/misc.o
 .note.gnu.property
                0x0000000000000000       0x1c fs/misc.o
 .group         0x0000000000000000        0x8 fs/read_write.o
 .text.__x86.get_pc_thunk.bx
                0x0000000000000000        0x4 fs/read_write.o
 .note.GNU-stack
                0x0000000000000000        0x0 fs/read_write.o
 .note.gnu.property
                0x0000000000000000       0x1c fs/read_write.o
 .group         0x0000000000000000        0x8 fs/link.o
 .text.__x86.get_pc_thunk.bx
                0x0000000000000000        0x4 fs/link.o
 .note.GNU-stack
                0x0000000000000000        0x0 fs/link.o
 .note.gnu.property
                0x0000000000000000       0x1c fs/link.o
 .group         0x0000000000000000        0x8 fs/disklog.o
 .text.__x86.get_pc_thunk.bx
                0x0000000000000000        0x4 fs/disklog.o
 .note.GNU-stack
                0x0000000000000000        0x0 fs/disklog.o
 .note.gnu.property
                0x0000000000000000       0x1c fs/disklog.o

Memory Configuration

Name             Origin             Length             Attributes
*default*        0x0000000000000000 0xffffffffffffffff

Linker script and memory map

Address of section .text set to 0x1000
LOAD kernel/kernel.o
LOAD lib/syscall.o
LOAD kernel/start.o
LOAD kernel/main.o
LOAD kernel/clock.o
LOAD kernel/keyboard.o
LOAD kernel/tty.o
LOAD kernel/console.o
LOAD kernel/i8259.o
LOAD kernel/global.o
LOAD kernel/protect.o
LOAD kernel/proc.o
LOAD kernel/systask.o
LOAD kernel/hd.o
LOAD lib/printf.o
LOAD lib/vsprintf.o
LOAD lib/kliba.o
LOAD lib/klib.o
LOAD lib/string.o
LOAD lib/misc.o
LOAD lib/open.o
LOAD lib/read.o
LOAD lib/write.o
LOAD lib/close.o
LOAD lib/unlink.o
LOAD lib/ls.o
LOAD lib/mkdir.o
LOAD lib/getpid.o
LOAD lib/syslog.o
LOAD fs/main.o
LOAD fs/open.o
LOAD fs/misc.o
LOAD fs/read_write.o
LOAD fs/link.o
LOAD fs/disklog.o
                [!provide]                        PROVIDE (__executable_start = SEGMENT_START ("text-segment", 0x8048000))
                0x00000000080480d4                . = (SEGMENT_START ("text-segment", 0x8048000) + SIZEOF_HEADERS)

.interp
 *(.interp)

.note.gnu.build-id
 *(.note.gnu.build-id)

.hash
 *(.hash)

.gnu.hash
 *(.gnu.hash)

.dynsym
 *(.dynsym)

.dynstr
 *(.dynstr)

.gnu.version
 *(.gnu.version)

.gnu.version_d
 *(.gnu.version_d)

.gnu.version_r
 *(.gnu.version_r)

.rel.dyn        0x00000000080480d4        0x0
 *(.rel.init)
 *(.rel.text .rel.text.* .rel.gnu.linkonce.t.*)
 .rel.text      0x00000000080480d4        0x0 kernel/kernel.o
 *(.rel.fini)
 *(.rel.rodata .rel.rodata.* .rel.gnu.linkonce.r.*)
 *(.rel.data.rel.ro .rel.data.rel.ro.* .rel.gnu.linkonce.d.rel.ro.*)
 *(.rel.data .rel.data.* .rel.gnu.linkonce.d.*)
 *(.rel.tdata .rel.tdata.* .rel.gnu.linkonce.td.*)
 *(.rel.tbss .rel.tbss.* .rel.gnu.linkonce.tb.*)
 *(.rel.ctors)
 *(.rel.dtors)
 *(.rel.got)
 .rel.got       0x00000000080480d4        0x0 kernel/kernel.o
 *(.rel.bss .rel.bss.* .rel.gnu.linkonce.b.*)
 *(.rel.ifunc)

.rel.plt        0x00000000080480d4        0x0
 *(.rel.plt)
                [!provide]                        PROVIDE (__rel_iplt_start = .)
 *(.rel.iplt)
 .rel.iplt      0x00000000080480d4        0x0 kernel/kernel.o
                [!provide]                        PROVIDE (__rel_iplt_end = .)
                0x0000000008049000                . = ALIGN (CONSTANT (MAXPAGESIZE))

.init
 *(SORT_NONE(.init))

.plt            0x0000000008049000        0x0
 *(.plt)
 *(.iplt)
 .iplt          0x0000000008049000        0x0 kernel/kernel.o

.plt.got
 *(.plt.got)

.plt.sec
 *(.plt.sec)

.text           0x0000000000001000     0xd0a2
 *(.text.unlikely .text.*_unlikely .text.unlikely.*)
 *(.text.exit .text.exit.*)
 *(.text.startup .text.startup.*)
 *(.text.hot .text.hot.*)
 *(SORT_BY_NAME(.text.sorted.*))
 *(.text .stub .text.* .gnu.linkonce.t.*)
 .text          0x0000000000001000      0x410 kernel/kernel.o
                0x0000000000001000                _start
                0x0000000000001040                hwint00
                0x0000000000001070                hwint01
                0x00000000000010a0                hwint02
                0x00000000000010d0                hwint03
                0x0000000000001100                hwint04
                0x0000000000001130                hwint05
                0x0000000000001160                hwint06
                0x0000000000001190                hwint07
                0x00000000000011c0                hwint08
                0x00000000000011f0                hwint09
                0x0000000000001220                hwint10
                0x0000000000001250                hwint11
                0x0000000000001280                hwint12
                0x00000000000012b0                hwint13
                0x00000000000012e0                hwint14
                0x0000000000001310                hwint15
                0x0000000000001334                divide_error
                0x000000000000133a                single_step_exception
                0x0000000000001340                nmi
                0x0000000000001346                breakpoint_exception
                0x000000000000134c                overflow
                0x0000000000001352                bounds_check
                0x0000000000001358                inval_opcode
                0x000000000000135e                copr_not_available
                0x0000000000001364                double_fault
                0x0000000000001368                copr_seg_overrun
                0x000000000000136e                inval_tss
                0x0000000000001372                segment_not_present
                0x0000000000001376                stack_exception
                0x000000000000137a                general_protection
                0x000000000000137e                page_fault
                0x0000000000001382                copr_error
                0x00000000000013cb                sys_call
                0x00000000000013eb                restart
 .text          0x0000000000001410       0x28 lib/syscall.o
                0x0000000000001410                sendrec
                0x000000000000142a                printx
 .text          0x0000000000001438       0xc7 kernel/start.o
                0x0000000000001438                cstart
 .text.__x86.get_pc_thunk.bx
                0x00000000000014ff        0x4 kernel/start.o
                0x00000000000014ff                __x86.get_pc_thunk.bx
 .text          0x0000000000001503     0x2553 kernel/main.o
                0x0000000000001503                kernel_main
                0x00000000000017ba                get_ticks
                0x0000000000001801                addTwoString
                0x00000000000018a6                displayWelcomeInfo
                0x00000000000019ac                findpass
                0x0000000000001a2c                clearArr
                0x0000000000001a64                printTitle
                0x0000000000001ab3                clear
                0x0000000000001b75                doTest
                0x0000000000001bea                verifyFilePass
                0x0000000000001c92                doEncrypt
                0x0000000000001ece                help
                0x000000000000202e                ProcessManage
                0x00000000000020fd                srand
                0x000000000000211a                rand
                0x00000000000021cb                show_mat
                0x00000000000023b2                init_game
                0x00000000000024e3                check
                0x0000000000002594                dfs
                0x00000000000026c8                game
                0x00000000000029fc                shell
                0x0000000000003907                TestA
                0x0000000000003968                TestB
                0x00000000000039c9                TestC
                0x00000000000039f8                panic
 .text.__x86.get_pc_thunk.ax
                0x0000000000003a56        0x4 kernel/main.o
                0x0000000000003a56                __x86.get_pc_thunk.ax
 .text.__x86.get_pc_thunk.dx
                0x0000000000003a5a        0x4 kernel/main.o
                0x0000000000003a5a                __x86.get_pc_thunk.dx
 .text          0x0000000000003a5e      0x154 kernel/clock.o
                0x0000000000003a5e                clock_handler
                0x0000000000003b06                milli_delay
                0x0000000000003b45                init_clock
 .text          0x0000000000003bb2      0x7bc kernel/keyboard.o
                0x0000000000003bb2                keyboard_handler
                0x0000000000003c3b                init_keyboard
                0x0000000000003d09                keyboard_read
 .text          0x000000000000436e      0xaf0 kernel/tty.o
                0x000000000000436e                task_tty
                0x0000000000004564                in_process
                0x0000000000004afa                sys_printx
                0x0000000000004cc8                dump_tty_buf
 .text          0x0000000000004e5e      0x8b4 kernel/console.o
                0x0000000000004e5e                init_screen
                0x0000000000004ff3                out_char
                0x00000000000052b5                clear_screen
                0x00000000000052fe                is_current_console
                0x000000000000542b                select_console
                0x0000000000005482                scroll_screen
 .text.__x86.get_pc_thunk.cx
                0x0000000000005712        0x4 kernel/console.o
                0x0000000000005712                __x86.get_pc_thunk.cx
 .text          0x0000000000005716      0x174 kernel/i8259.o
                0x0000000000005716                init_8259A
                0x0000000000005803                spurious_irq
                0x0000000000005851                put_irq_handler
 .text          0x000000000000588a        0x0 kernel/global.o
 .text          0x000000000000588a      0x6d7 kernel/protect.o
                0x000000000000588a                init_prot
                0x0000000000005d2b                seg2phys
                0x0000000000005e06                exception_handler
 .text          0x0000000000005f61     0x1a46 kernel/proc.o
                0x0000000000005f61                schedule
                0x000000000000601a                sys_sendrec
                0x0000000000006167                send_recv
                0x000000000000623f                ldt_seg_linear
                0x0000000000006297                va2la
                0x0000000000006314                reset_msg
                0x0000000000007317                inform_int
                0x00000000000074c8                dump_proc
                0x0000000000007872                dump_msg
 .text          0x00000000000079a7       0x9a kernel/systask.o
                0x00000000000079a7                task_sys
 .text          0x0000000000007a41      0xfde kernel/hd.o
                0x0000000000007a41                task_hd
                0x00000000000089e0                hd_handler
 .text          0x0000000000008a1f       0xd9 lib/printf.o
                0x0000000000008a1f                printf
                0x0000000000008aa3                printl
 .text          0x0000000000008af8      0x340 lib/vsprintf.o
                0x0000000000008b6c                vsprintf
                0x0000000000008e04                sprintf
 *fill*         0x0000000000008e38        0x8 
 .text          0x0000000000008e40      0x19a lib/kliba.o
                0x0000000000008e40                disp_str
                0x0000000000008e7e                disp_color_str
                0x0000000000008ebd                out_byte
                0x0000000000008ec9                in_byte
                0x0000000000008ed3                port_read
                0x0000000000008ee6                port_write
                0x0000000000008ef9                disable_irq
                0x0000000000008f2e                enable_irq
                0x0000000000008f4d                disable_int
                0x0000000000008f4f                enable_int
                0x0000000000008f51                glitter
 .text          0x0000000000008fda      0x149 lib/klib.o
                0x0000000000008fda                itoa
                0x0000000000009093                disp_int
                0x00000000000090cd                delay
 *fill*         0x0000000000009123        0xd 
 .text          0x0000000000009130       0x78 lib/string.o
                0x0000000000009130                memcpy
                0x0000000000009159                memset
                0x000000000000917a                strcpy
                0x0000000000009192                strlen
 .text          0x00000000000091a8      0x1e8 lib/misc.o
                0x00000000000091a8                memcmp
                0x0000000000009228                strcmp
                0x00000000000092a5                strcat
                0x0000000000009312                spin
                0x0000000000009340                assertion_failure
 .text          0x0000000000009390       0x7c lib/open.o
                0x0000000000009390                open
 .text          0x000000000000940c       0x4b lib/read.o
                0x000000000000940c                read
 .text          0x0000000000009457       0x4b lib/write.o
                0x0000000000009457                write
 .text          0x00000000000094a2       0x3f lib/close.o
                0x00000000000094a2                close
 .text          0x00000000000094e1       0x4f lib/unlink.o
                0x00000000000094e1                unlink
 .text          0x0000000000009530       0x56 lib/ls.o
                0x0000000000009530                ls
 .text          0x0000000000009586       0x7d lib/mkdir.o
                0x0000000000009586                mkdir
 .text          0x0000000000009603       0x5f lib/getpid.o
                0x0000000000009603                getpid
 .text          0x0000000000009662       0xec lib/syslog.o
                0x0000000000009662                syslog
 .text          0x000000000000974e      0xf3b fs/main.o
                0x000000000000974e                task_fs
                0x000000000000a0d1                rw_sector
                0x000000000000a32e                get_super_block
                0x000000000000a394                get_inode
                0x000000000000a51a                put_inode
                0x000000000000a572                sync_inode
 .text          0x000000000000a689      0xfe3 fs/open.o
                0x000000000000a689                do_open
                0x000000000000ac56                do_close
                0x000000000000acd2                do_mkdir
                0x000000000000ade3                do_lseek
                0x000000000000b458                do_ls
 .text          0x000000000000b66c      0x5ff fs/misc.o
                0x000000000000b66c                find_entry
                0x000000000000b7dd                search_file
                0x000000000000b953                strip_path
                0x000000000000b9f0                show_file
 .text          0x000000000000bc6b      0x552 fs/read_write.o
                0x000000000000bc6b                do_rdwt
 .text          0x000000000000c1bd      0x89a fs/link.o
                0x000000000000c1bd                do_unlink
 .text          0x000000000000ca57     0x164b fs/disklog.o
                0x000000000000ca57                do_disklog
                0x000000000000cb15                disklog
                0x000000000000d054                dump_fd_graph
 *(.gnu.warning)

.fini
 *(SORT_NONE(.fini))
                [!provide]                        PROVIDE (__etext = .)
                [!provide]                        PROVIDE (_etext = .)
                [!provide]                        PROVIDE (etext = .)
                0x000000000000f000                . = ALIGN (CONSTANT (MAXPAGESIZE))
                0x000000000000f000                . = SEGMENT_START ("rodata-segment", (ALIGN (CONSTANT (MAXPAGESIZE)) + (. & (CONSTANT (MAXPAGESIZE) - 0x1))))

.rodata         0x000000000000f000     0x28bb
 *(.rodata .rodata.* .gnu.linkonce.r.*)
 .rodata        0x000000000000f000       0x47 kernel/start.o
 *fill*         0x000000000000f047        0x1 
 .rodata        0x000000000000f048      0xb32 kernel/main.o
 *fill*         0x000000000000fb7a        0x2 
 .rodata        0x000000000000fb7c       0x64 kernel/keyboard.o
 .rodata        0x000000000000fbe0      0x13c kernel/tty.o
 .rodata        0x000000000000fd1c       0x5b kernel/console.o
 .rodata        0x000000000000fd77       0x11 kernel/i8259.o
 .rodata        0x000000000000fd88        0x4 kernel/global.o
                0x000000000000fd88                FSBUF_SIZE
 *fill*         0x000000000000fd8c       0x14 
 .rodata        0x000000000000fda0      0x540 kernel/protect.o
 .rodata        0x00000000000102e0      0x62e kernel/proc.o
 .rodata        0x000000000001090e       0x11 kernel/systask.o
 *fill*         0x000000000001091f        0x1 
 .rodata        0x0000000000010920      0x1a6 kernel/hd.o
 .rodata        0x0000000000010ac6       0x14 lib/printf.o
 *fill*         0x0000000000010ada        0x2 
 .rodata        0x0000000000010adc       0x61 lib/misc.o
 .rodata        0x0000000000010b3d       0x23 lib/open.o
 .rodata        0x0000000000010b60       0x24 lib/mkdir.o
 .rodata        0x0000000000010b84       0x25 lib/getpid.o
 .rodata        0x0000000000010ba9       0x32 lib/syslog.o
 *fill*         0x0000000000010bdb        0x1 
 .rodata        0x0000000000010bdc      0x202 fs/main.o
 *fill*         0x0000000000010dde        0x2 
 .rodata        0x0000000000010de0      0x1aa fs/open.o
 .rodata        0x0000000000010f8a        0x5 fs/misc.o
 *fill*         0x0000000000010f8f        0x1 
 .rodata        0x0000000000010f90      0x164 fs/read_write.o
 .rodata        0x00000000000110f4      0x19d fs/link.o
 *fill*         0x0000000000011291        0x3 
 .rodata        0x0000000000011294      0x627 fs/disklog.o

.rodata1
 *(.rodata1)

.eh_frame_hdr
 *(.eh_frame_hdr)
 *(.eh_frame_entry .eh_frame_entry.*)

.eh_frame       0x00000000000118bc     0x151c
 *(.eh_frame)
 .eh_frame      0x00000000000118bc       0x50 kernel/start.o
 .eh_frame      0x000000000001190c      0x39c kernel/main.o
                                        0x3c8 (size before relaxing)
 .eh_frame      0x0000000000011ca8       0x6c kernel/clock.o
                                         0x98 (size before relaxing)
 .eh_frame      0x0000000000011d14       0xfc kernel/keyboard.o
                                        0x128 (size before relaxing)
 .eh_frame      0x0000000000011e10      0x15c kernel/tty.o
                                        0x19c (size before relaxing)
 .eh_frame      0x0000000000011f6c      0x16c kernel/console.o
                                        0x1c0 (size before relaxing)
 .eh_frame      0x00000000000120d8       0x6c kernel/i8259.o
                                         0x98 (size before relaxing)
 .eh_frame      0x0000000000012144       0xb8 kernel/protect.o
                                         0xf8 (size before relaxing)
 .eh_frame      0x00000000000121fc      0x20c kernel/proc.o
                                        0x260 (size before relaxing)
 .eh_frame      0x0000000000012408       0x1c kernel/systask.o
                                         0x48 (size before relaxing)
 .eh_frame      0x0000000000012424      0x22c kernel/hd.o
                                        0x26c (size before relaxing)
 .eh_frame      0x0000000000012650       0x48 lib/printf.o
                                         0x74 (size before relaxing)
 .eh_frame      0x0000000000012698       0x68 lib/vsprintf.o
                                         0xa8 (size before relaxing)
 .eh_frame      0x0000000000012700       0x64 lib/klib.o
                                         0xa4 (size before relaxing)
 .eh_frame      0x0000000000012764       0xa0 lib/misc.o
                                         0xe0 (size before relaxing)
 .eh_frame      0x0000000000012804       0x24 lib/open.o
                                         0x50 (size before relaxing)
 .eh_frame      0x0000000000012828       0x24 lib/read.o
                                         0x50 (size before relaxing)
 .eh_frame      0x000000000001284c       0x24 lib/write.o
                                         0x50 (size before relaxing)
 .eh_frame      0x0000000000012870       0x24 lib/close.o
                                         0x50 (size before relaxing)
 .eh_frame      0x0000000000012894       0x24 lib/unlink.o
                                         0x50 (size before relaxing)
 .eh_frame      0x00000000000128b8       0x24 lib/ls.o
                                         0x50 (size before relaxing)
 .eh_frame      0x00000000000128dc       0x24 lib/mkdir.o
                                         0x50 (size before relaxing)
 .eh_frame      0x0000000000012900       0x24 lib/getpid.o
                                         0x50 (size before relaxing)
 .eh_frame      0x0000000000012924       0x24 lib/syslog.o
                                         0x50 (size before relaxing)
 .eh_frame      0x0000000000012948      0x150 fs/main.o
                                        0x190 (size before relaxing)
 .eh_frame      0x0000000000012a98      0x1b4 fs/open.o
                                        0x1f4 (size before relaxing)
 .eh_frame      0x0000000000012c4c       0xa8 fs/misc.o
                                         0xe8 (size before relaxing)
 .eh_frame      0x0000000000012cf4       0x30 fs/read_write.o
                                         0x5c (size before relaxing)
 .eh_frame      0x0000000000012d24       0x30 fs/link.o
                                         0x5c (size before relaxing)
 .eh_frame      0x0000000000012d54       0x84 fs/disklog.o
                                         0xb0 (size before relaxing)
 *(.eh_frame.*)

.gcc_except_table
 *(.gcc_except_table .gcc_except_table.*)

.gnu_extab
 *(.gnu_extab*)

.exception_ranges
 *(.exception_ranges*)
                0x0000000000014000                . = DATA_SEGMENT_ALIGN (CONSTANT (MAXPAGESIZE), CONSTANT (COMMONPAGESIZE))

.eh_frame
 *(.eh_frame)
 *(.eh_frame.*)

.gnu_extab
 *(.gnu_extab)

.gcc_except_table
 *(.gcc_except_table .gcc_except_table.*)

.exception_ranges
 *(.exception_ranges*)

.tdata          0x0000000000014000        0x0
                [!provide]                        PROVIDE (__tdata_start = .)
 *(.tdata .tdata.* .gnu.linkonce.td.*)

.tbss
 *(.tbss .tbss.* .gnu.linkonce.tb.*)
 *(.tcommon)

.preinit_array  0x0000000000014000        0x0
                [!provide]                        PROVIDE (__preinit_array_start = .)
 *(.preinit_array)
                [!provide]                        PROVIDE (__preinit_array_end = .)

.init_array     0x0000000000014000        0x0
                [!provide]                        PROVIDE (__init_array_start = .)
 *(SORT_BY_INIT_PRIORITY(.init_array.*) SORT_BY_INIT_PRIORITY(.ctors.*))
 *(.init_array EXCLUDE_FILE(*crtend?.o *crtend.o *crtbegin?.o *crtbegin.o) .ctors)
                [!provide]                        PROVIDE (__init_array_end = .)

.fini_array     0x0000000000014000        0x0
                [!provide]                        PROVIDE (__fini_array_start = .)
 *(SORT_BY_INIT_PRIORITY(.fini_array.*) SORT_BY_INIT_PRIORITY(.dtors.*))
 *(.fini_array EXCLUDE_FILE(*crtend?.o *crtend.o *crtbegin?.o *crtbegin.o) .dtors)
                [!provide]                        PROVIDE (__fini_array_end = .)

.ctors
 *crtbegin.o(.ctors)
 *crtbegin?.o(.ctors)
 *(EXCLUDE_FILE(*crtend?.o *crtend.o) .ctors)
 *(SORT_BY_NAME(.ctors.*))
 *(.ctors)

.dtors
 *crtbegin.o(.dtors)
 *crtbegin?.o(.dtors)
 *(EXCLUDE_FILE(*crtend?.o *crtend.o) .dtors)
 *(SORT_BY_NAME(.dtors.*))
 *(.dtors)

.jcr
 *(.jcr)

.data.rel.ro
 *(.data.rel.ro.local* .gnu.linkonce.d.rel.ro.local.*)
 *(.data.rel.ro .data.rel.ro.* .gnu.linkonce.d.rel.ro.*)

.dynamic
 *(.dynamic)

.got            0x0000000000014000        0x0
 *(.got)
 .got           0x0000000000014000        0x0 kernel/kernel.o
 *(.igot)
                0x0000000000014ff4                . = DATA_SEGMENT_RELRO_END (., (SIZEOF (.got.plt) >= 0xc)?0xc:0x0)

.got.plt        0x0000000000014000        0xc
 *(.got.plt)
 .got.plt       0x0000000000014000        0xc kernel/kernel.o
                0x0000000000014000                _GLOBAL_OFFSET_TABLE_
 *(.igot.plt)
 .igot.plt      0x000000000001400c        0x0 kernel/kernel.o

.data           0x0000000000014020      0x784
 *(.data .data.* .gnu.linkonce.d.*)
 .data          0x0000000000014020        0x2 kernel/kernel.o
 .data          0x0000000000014022        0x0 kernel/start.o
 *fill*         0x0000000000014022        0x2 
 .data          0x0000000000014024        0x4 kernel/main.o
                0x0000000000014024                _seed2
 .data          0x0000000000014028        0x0 kernel/clock.o
 *fill*         0x0000000000014028       0x18 
 .data          0x0000000000014040      0x600 kernel/keyboard.o
                0x0000000000014040                keymap
 .data          0x0000000000014640       0x22 kernel/tty.o
 .data          0x0000000000014662        0x0 kernel/console.o
 .data          0x0000000000014662        0x0 kernel/i8259.o
 *fill*         0x0000000000014662        0x2 
 .data          0x0000000000014664       0x1c kernel/global.o
                0x0000000000014664                dd_map
                0x000000000001467c                fsbuf
 .data.rel      0x0000000000014680      0x124 kernel/global.o
                0x0000000000014680                task_table
                0x0000000000014720                user_proc_table
                0x0000000000014798                sys_call_table
 .data          0x00000000000147a4        0x0 kernel/protect.o
 .data          0x00000000000147a4        0x0 kernel/proc.o
 .data          0x00000000000147a4        0x0 kernel/systask.o
 .data          0x00000000000147a4        0x0 kernel/hd.o
 .data          0x00000000000147a4        0x0 lib/printf.o
 .data          0x00000000000147a4        0x0 lib/vsprintf.o
 .data          0x00000000000147a4        0x0 lib/klib.o
 .data          0x00000000000147a4        0x0 lib/misc.o
 .data          0x00000000000147a4        0x0 lib/open.o
 .data          0x00000000000147a4        0x0 lib/read.o
 .data          0x00000000000147a4        0x0 lib/write.o
 .data          0x00000000000147a4        0x0 lib/close.o
 .data          0x00000000000147a4        0x0 lib/unlink.o
 .data          0x00000000000147a4        0x0 lib/ls.o
 .data          0x00000000000147a4        0x0 lib/mkdir.o
 .data          0x00000000000147a4        0x0 lib/getpid.o
 .data          0x00000000000147a4        0x0 lib/syslog.o
 .data          0x00000000000147a4        0x0 fs/main.o
 .data          0x00000000000147a4        0x0 fs/open.o
 .data          0x00000000000147a4        0x0 fs/misc.o
 .data          0x00000000000147a4        0x0 fs/read_write.o
 .data          0x00000000000147a4        0x0 fs/link.o
 .data          0x00000000000147a4        0x0 fs/disklog.o

.data1
 *(.data1)
                0x00000000000147a4                _edata = .
                [!provide]                        PROVIDE (edata = .)
                0x00000000000147a4                . = .
                0x00000000000147a4                __bss_start = .

.bss            0x00000000000147c0    0x3c65c
 *(.dynbss)
 *(.bss .bss.* .gnu.linkonce.b.*)
 .bss           0x00000000000147c0      0x800 kernel/kernel.o
 .bss           0x0000000000014fc0        0x0 kernel/start.o
 .bss           0x0000000000014fc0        0x0 kernel/main.o
 .bss           0x0000000000014fc0        0x0 kernel/clock.o
 .bss           0x0000000000014fc0       0x58 kernel/keyboard.o
 .bss           0x0000000000015018        0x0 kernel/tty.o
 .bss           0x0000000000015018        0x0 kernel/console.o
 .bss           0x0000000000015018        0x0 kernel/i8259.o
 .bss           0x0000000000015018        0x0 kernel/global.o
 .bss           0x0000000000015018        0x0 kernel/protect.o
 .bss           0x0000000000015018        0x0 kernel/proc.o
 .bss           0x0000000000015018        0x0 kernel/systask.o
 *fill*         0x0000000000015018        0x8 
 .bss           0x0000000000015020      0x64c kernel/hd.o
 .bss           0x000000000001566c        0x0 lib/printf.o
 .bss           0x000000000001566c        0x0 lib/vsprintf.o
 .bss           0x000000000001566c        0x0 lib/klib.o
 .bss           0x000000000001566c        0x0 lib/misc.o
 .bss           0x000000000001566c        0x0 lib/open.o
 .bss           0x000000000001566c        0x0 lib/read.o
 .bss           0x000000000001566c        0x0 lib/write.o
 .bss           0x000000000001566c        0x0 lib/close.o
 .bss           0x000000000001566c        0x0 lib/unlink.o
 .bss           0x000000000001566c        0x0 lib/ls.o
 .bss           0x000000000001566c        0x0 lib/mkdir.o
 .bss           0x000000000001566c        0x0 lib/getpid.o
 .bss           0x000000000001566c        0x0 lib/syslog.o
 .bss           0x000000000001566c        0x0 fs/main.o
 .bss           0x000000000001566c        0x0 fs/open.o
 .bss           0x000000000001566c        0x0 fs/misc.o
 .bss           0x000000000001566c        0x0 fs/read_write.o
 .bss           0x000000000001566c        0x0 fs/link.o
 *fill*         0x000000000001566c       0x14 
 .bss           0x0000000000015680      0x208 fs/disklog.o
 *(COMMON)
 *fill*         0x0000000000015888       0x18 
 COMMON         0x00000000000158a0    0x3b56c kernel/global.o
                0x00000000000158a0                idt_ptr
                0x00000000000158c0                inode_table
                0x00000000000163c0                task_stack
                0x000000000004e3c0                k_reenter
                0x000000000004e3e0                gdt
                0x000000000004e7e0                current_console
                0x000000000004e7e4                pcaller
                0x000000000004e800                tty_table
                0x000000000004f480                tss
                0x000000000004f500                fs_msg
                0x000000000004f540                f_desc_table
                0x000000000004f840                root_inode
                0x000000000004f844                disp_pos
                0x000000000004f848                key_pressed
                0x000000000004f84c                gdt_ptr
                0x000000000004f860                idt
                0x0000000000050060                super_block
                0x0000000000050240                ticks
                0x0000000000050260                console_table
                0x00000000000502a0                irq_table
                0x00000000000502e0                p_proc_ready
                0x0000000000050300                proc_table
 COMMON         0x0000000000050e0c       0x10 kernel/hd.o
                0x0000000000050e0c                PARTITION_ENTRY
                0x0000000000050e1c                . = ALIGN ((. != 0x0)?0x4:0x1)
                0x0000000000050e1c                . = ALIGN (0x4)
                0x0000000000050e1c                . = SEGMENT_START ("ldata-segment", .)
                0x0000000000050e1c                . = ALIGN (0x4)
                0x0000000000050e1c                _end = .
                [!provide]                        PROVIDE (end = .)
                0x0000000000050e1c                . = DATA_SEGMENT_END (.)

.stab
 *(.stab)

.stabstr
 *(.stabstr)

.stab.excl
 *(.stab.excl)

.stab.exclstr
 *(.stab.exclstr)

.stab.index
 *(.stab.index)

.stab.indexstr
 *(.stab.indexstr)

.comment        0x0000000000000000       0x24
 *(.comment)
 .comment       0x0000000000000000       0x24 kernel/start.o
                                         0x25 (size before relaxing)
 .comment       0x0000000000000024       0x25 kernel/main.o
 .comment       0x0000000000000024       0x25 kernel/clock.o
 .comment       0x0000000000000024       0x25 kernel/keyboard.o
 .comment       0x0000000000000024       0x25 kernel/tty.o
 .comment       0x0000000000000024       0x25 kernel/console.o
 .comment       0x0000000000000024       0x25 kernel/i8259.o
 .comment       0x0000000000000024       0x25 kernel/global.o
 .comment       0x0000000000000024       0x25 kernel/protect.o
 .comment       0x0000000000000024       0x25 kernel/proc.o
 .comment       0x0000000000000024       0x25 kernel/systask.o
 .comment       0x0000000000000024       0x25 kernel/hd.o
 .comment       0x0000000000000024       0x25 lib/printf.o
 .comment       0x0000000000000024       0x25 lib/vsprintf.o
 .comment       0x0000000000000024       0x25 lib/klib.o
 .comment       0x0000000000000024       0x25 lib/misc.o
 .comment       0x0000000000000024       0x25 lib/open.o
 .comment       0x0000000000000024       0x25 lib/read.o
 .comment       0x0000000000000024       0x25 lib/write.o
 .comment       0x0000000000000024       0x25 lib/close.o
 .comment       0x0000000000000024       0x25 lib/unlink.o
 .comment       0x0000000000000024       0x25 lib/ls.o
 .comment       0x0000000000000024       0x25 lib/mkdir.o
 .comment       0x0000000000000024       0x25 lib/getpid.o
 .comment       0x0000000000000024       0x25 lib/syslog.o
 .comment       0x0000000000000024       0x25 fs/main.o
 .comment       0x0000000000000024       0x25 fs/open.o
 .comment       0x0000000000000024       0x25 fs/misc.o
 .comment       0x0000000000000024       0x25 fs/read_write.o
 .comment       0x0000000000000024       0x25 fs/link.o
 .comment       0x0000000000000024       0x25 fs/disklog.o

.gnu.build.attributes
 *(.gnu.build.attributes .gnu.build.attributes.*)

.debug
 *(.debug)

.line
 *(.line)

.debug_srcinfo
 *(.debug_srcinfo)

.debug_sfnames
 *(.debug_sfnames)

.debug_aranges
 *(.debug_aranges)

.debug_pubnames
 *(.debug_pubnames)

.debug_info
 *(.debug_info .gnu.linkonce.wi.*)

.debug_abbrev
 *(.debug_abbrev)

.debug_line
 *(.debug_line .debug_line.* .debug_line_end)

.debug_frame
 *(.debug_frame)

.debug_str
 *(.debug_str)

.debug_loc
 *(.debug_loc)

.debug_macinfo
 *(.debug_macinfo)

.debug_weaknames
 *(.debug_weaknames)

.debug_funcnames
 *(.debug_funcnames)

.debug_typenames
 *(.debug_typenames)

.debug_varnames
 *(.debug_varnames)

.debug_pubtypes
 *(.debug_pubtypes)

.debug_ranges
 *(.debug_ranges)

.debug_macro
 *(.debug_macro)

.debug_addr
 *(.debug_addr)

.gnu.attributes
 *(.gnu.attributes)

/DISCARD/
 *(.note.GNU-stack)
 *(.gnu_debuglink)
 *(.gnu.lto_*)
OUTPUT(kernel.bin elf32-i386)
